
 <cat name="Общие"> <br>
<button name="1+1 Украина"  img="img\1.png" pid="TORRENT http://176.122.240.200/Sdgmp423fgGAWgjga/18/1_141.acelive"></button><br>
<button name="2+2 Украина"  img="img\2.png" pid="TORRENT http://176.122.240.200/Sdgmp423fgGAWgjga/19/2_141.acelive"></button><br>
<button name="ТЕТ Украина"  img="img\4.png" pid="TORRENT http://176.122.240.200/Sdgmp423fgGAWgjga/19/4_141.acelive"></button><br>
<button name="5 канал Украина"  img="img\5.png" pid="TORRENT http://176.122.240.200/Sdgmp423fgGAWgjga/19/5_141.acelive"></button><br>
<button name="ICTV Украина"  img="img\6.png" pid="TORRENT http://176.122.240.200/Sdgmp423fgGAWgjga/18/6_141.acelive"></button><br>
<button name="Новый канал Украина"  img="img\7.png" pid="TORRENT http://176.122.240.200/Sdgmp423fgGAWgjga/19/7_141.acelive"></button><br>
<button name="Украина"  img="img\9.png" pid="TORRENT http://176.122.240.200/Sdgmp423fgGAWgjga/18/9_141.acelive"></button><br>
<button name="СТБ Украина"  img="img\10.png" pid="TORRENT http://176.122.240.200/Sdgmp423fgGAWgjga/19/10_141.acelive"></button><br>
<button name="Первый Украина"  img="img\12.png" pid="TORRENT http://176.122.240.200/Sdgmp423fgGAWgjga/18/12_141.acelive"></button><br>
<button name="Интер Украина"  img="img\15.png" pid="TORRENT http://176.122.240.200/Sdgmp423fgGAWgjga/19/15_141.acelive"></button><br>
<button name="НТВ Мир"  img="img\25.png" pid="TORRENT http://176.122.240.200/Sdgmp423fgGAWgjga/19/25_141.acelive"></button><br>
<button name="Ностальгия"  img="img\32.png" pid="TORRENT http://176.122.240.200/Sdgmp423fgGAWgjga/18/32_141.acelive"></button><br>
<button name="РТР-Планета"  img="img\85.png" pid="TORRENT http://176.122.240.200/Sdgmp423fgGAWgjga/18/85_141.acelive"></button><br>
<button name="Armenia 1"  img="img\190.png" pid="TORRENT http://176.122.240.200/Sdgmp423fgGAWgjga/18/190_141.acelive"></button><br>
<button name="AzTV Азербайджан"  img="img\191.png" pid="TORRENT http://176.122.240.200/Sdgmp423fgGAWgjga/19/191_141.acelive"></button><br>
<button name="Belarus TV"  img="img\193.png" pid="TORRENT http://176.122.240.200/Sdgmp423fgGAWgjga/18/193_141.acelive"></button><br>
<button name="Lider TV Азербайджан"  img="img\199.png" pid="TORRENT http://176.122.240.200/Sdgmp423fgGAWgjga/19/199_141.acelive"></button><br>
<button name="Shant TV Армения"  img="img\205.png" pid="TORRENT http://176.122.240.200/Sdgmp423fgGAWgjga/18/205_141.acelive"></button><br>
<button name="TVCI"  img="img\207.png" pid="TORRENT http://176.122.240.200/Sdgmp423fgGAWgjga/18/207_141.acelive"></button><br>
<button name="Первый канал"  img="img\231.png" pid="TORRENT http://176.122.240.200/Sdgmp423fgGAWgjga/18/231_141.acelive"></button><br>
<button name="Россия"  img="img\232.png" pid="TORRENT http://176.122.240.200/Sdgmp423fgGAWgjga/19/232_141.acelive"></button><br>
<button name="Россия Культура"  img="img\233.png" pid="TORRENT http://176.122.240.200/Sdgmp423fgGAWgjga/18/233_141.acelive"></button><br>
<button name="Россия 2"  img="img\249.png" pid="TORRENT http://176.122.240.200/Sdgmp423fgGAWgjga/19/249_141.acelive"></button><br>
<button name="НТВ"  img="img\261.png" pid="TORRENT http://176.122.240.200/Sdgmp423fgGAWgjga/18/261_141.acelive"></button><br>
<button name="Polsat"  img="img\254.png" pid="TORRENT http://acelive.1torrent.tv/1ttv/Polsat.acelive"></button><br>
<button name="ITV"  img="img\255.png" pid="TORRENT http://acelive.1torrent.tv/1ttv/ITV.acelive"></button><br>
<button name="TVP Kultura"  img="img\0.png" pid="TORRENT http://acelive.1torrent.tv/1ttv/TVP Kultura.acelive"></button><br>
<button name="TV Puls"  img="img\257.png" pid="TORRENT http://acelive.1torrent.tv/1ttv/TV Puls.acelive"></button><br>
<button name="TVS"  img="img\258.png" pid="TORRENT http://acelive.1torrent.tv/1ttv/TVS.acelive"></button><br>
<button name="CNL"  img="img\267.png" pid="TORRENT http://acelive.1torrent.tv/1ttv/CNL.acelive"></button><br>
<button name="InterAz"  img="img\271.png" pid="TORRENT http://acelive.1torrent.tv/1ttv/InterAz.acelive"></button><br>
<button name="Deutsche Welle"  img="img\280.png" pid="TORRENT http://acelive.1torrent.tv/1ttv/Deutsche Welle.acelive"></button><br>
<button name="Первый канал (Европа)"  img="img\325.png" pid="TORRENT http://acelive.torrent-tv.ru/cdn/torrent-tv-ru_Первый канал (Европа).acelive"></button><br>
<button name="Cinemax"  img="img\521.png" pid="TORRENT http://acelive.1torrent.tv/1ttv/Cinemax.acelive"></button><br>
<button name="Домашний"  img="img\486.png" pid="TORRENT http://acelive.torrent-tv.ru/cdn/torrent-tv-ru_Домашний.acelive"></button><br>
<button name="НТН"  img="img\490.png" pid="TORRENT http://acelive.torrent-tv.ru/cdn/torrent-tv-ru_НТН (Украина).acelive"></button><br>
<button name="Пятый Канал"  img="img\278.png" pid="TORRENT http://acelive.torrent-tv.ru/cdn/torrent-tv-ru_Пятый канал.acelive"></button><br>
<button name="Звезда"  img="img\279.png" pid="TORRENT http://acelive.torrent-tv.ru/cdn/torrent-tv-ru_Звезда.acelive"></button><br>
<button name="Первый канал HD"  img="img\272.png" pid="TORRENT http://acelive.torrent-tv.ru/torrent-tv-ru_Первый канал HD.acelive"></button><br>
<button name="Россия HD"  img="img\273.png" pid="TORRENT http://acelive.torrent-tv.ru/torrent-tv-ru_Россия HD.acelive"></button></cat>
 <cat name="Познавательные"> <br>
<button name="Первый автомобильный"  img="img\20.png" pid="TORRENT http://176.122.240.200/Sdgmp423fgGAWgjga/19/20_141.acelive"></button><br>
<button name="24 ДОК"  img="img\36.png" pid="TORRENT http://176.122.240.200/Sdgmp423fgGAWgjga/18/36_141.acelive"></button><br>
<button name="Авто Плюс"  img="img\37.png" pid="TORRENT http://176.122.240.200/Sdgmp423fgGAWgjga/19/37_141.acelive"></button><br>
<button name="365 дней"  img="img\38.png" pid="TORRENT http://176.122.240.200/Sdgmp423fgGAWgjga/18/38_141.acelive"></button><br>
<button name="Совершенно Секретно"  img="img\39.png" pid="TORRENT http://176.122.240.200/Sdgmp423fgGAWgjga/19/39_141.acelive"></button><br>
<button name="Кто есть кто"  img="img\41.png" pid="TORRENT http://176.122.240.200/Sdgmp423fgGAWgjga/19/41_141.acelive"></button><br>
<button name="Интересное ТВ"  img="img\48.png" pid="TORRENT http://176.122.240.200/Sdgmp423fgGAWgjga/19/48_141.acelive"></button><br>
<button name="Travel Channel"  img="img\49.png" pid="TORRENT http://176.122.240.200/Sdgmp423fgGAWgjga/18/49_141.acelive"></button><br>
<button name="Animal Planet"  img="img\51.png" pid="TORRENT http://176.122.240.200/Sdgmp423fgGAWgjga/18/51_141.acelive"></button><br>
<button name="Discovery World"  img="img\55.png" pid="TORRENT http://176.122.240.200/Sdgmp423fgGAWgjga/18/55_141.acelive"></button><br>
<button name="24 ТЕХНО"  img="img\57.png" pid="TORRENT http://176.122.240.200/Sdgmp423fgGAWgjga/19/57_141.acelive"></button><br>
<button name="Здоровое телевидение"  img="img\63.png" pid="TORRENT http://176.122.240.200/Sdgmp423fgGAWgjga/18/63_141.acelive"></button><br>
<button name="Усадьба"  img="img\64.png" pid="TORRENT http://176.122.240.200/Sdgmp423fgGAWgjga/19/64_141.acelive"></button><br>
<button name="Домашние животные"  img="img\66.png" pid="TORRENT http://176.122.240.200/Sdgmp423fgGAWgjga/19/66_141.acelive"></button><br>
<button name="Вопросы и ответы"  img="img\67.png" pid="TORRENT http://176.122.240.200/Sdgmp423fgGAWgjga/18/67_141.acelive"></button><br>
<button name="Психология 21"  img="img\68.png" pid="TORRENT http://176.122.240.200/Sdgmp423fgGAWgjga/19/68_141.acelive"></button><br>
<button name="National Geographic"  img="img\75.png" pid="TORRENT http://176.122.240.200/Sdgmp423fgGAWgjga/19/75_141.acelive"></button><br>
<button name="Nat Geo Wild"  img="img\77.png" pid="TORRENT http://176.122.240.200/Sdgmp423fgGAWgjga/19/77_141.acelive"></button><br>
<button name="Viasat History"  img="img\78.png" pid="TORRENT http://176.122.240.200/Sdgmp423fgGAWgjga/18/78_141.acelive"></button><br>
<button name="Viasat Explorer"  img="img\79.png" pid="TORRENT http://176.122.240.200/Sdgmp423fgGAWgjga/19/79_141.acelive"></button><br>
<button name="Zоопарк"  img="img\93.png" pid="TORRENT http://176.122.240.200/Sdgmp423fgGAWgjga/19/93_141.acelive"></button><br>
<button name="English Club TV"  img="img\94.png" pid="TORRENT http://176.122.240.200/Sdgmp423fgGAWgjga/18/94_141.acelive"></button><br>
<button name="Культура Украина"  img="img\132.png" pid="TORRENT http://176.122.240.200/Sdgmp423fgGAWgjga/18/132_141.acelive"></button><br>
<button name="Da Vinci Learning"  img="img\176.png" pid="TORRENT http://176.122.240.200/Sdgmp423fgGAWgjga/18/176_141.acelive"></button><br>
<button name="Zone Reality"  img="img\182.png" pid="TORRENT http://176.122.240.200/Sdgmp423fgGAWgjga/19/182_141.acelive"></button><br>
<button name="Discovery Channel"  img="img\50.png" pid="TORRENT http://176.122.240.200/Sdgmp423fgGAWgjga/19/50_141.acelive"></button><br>
<button name="Discovery Science"  img="img\52.png" pid="TORRENT http://176.122.240.200/Sdgmp423fgGAWgjga/19/52_141.acelive"></button><br>
<button name="TLC"  img="img\53.png" pid="TORRENT http://176.122.240.200/Sdgmp423fgGAWgjga/18/53_141.acelive"></button><br>
<button name="ID Investigation Discovery"  img="img\54.png" pid="TORRENT http://176.122.240.200/Sdgmp423fgGAWgjga/19/54_141.acelive"></button><br>
<button name="Viasat Nature"  img="img\81.png" pid="TORRENT http://176.122.240.200/Sdgmp423fgGAWgjga/19/81_141.acelive"></button><br>
<button name="History"  img="img\270.png" pid="TORRENT http://acelive.1torrent.tv/1ttv/History.acelive"></button><br>
<button name="Galaxy TV"  img="img\519.png" pid="TORRENT http://acelive.torrent-tv.ru/torrent-tv-ru_Galaxy TV.acelive"></button><br>
<button name="Наука 2.0"  img="img\560.png" pid="TORRENT http://acelive.torrent-tv.ru/cdn/torrent-tv-ru_Наука 2.0.acelive"></button><br>
<button name="Outdoor HD"  img="img\202.png" pid="TORRENT http://176.122.240.200/Sdgmp423fgGAWgjga/18/202_146.acelive"></button><br>
<button name="Travel Channel HD"  img="img\216.png" pid="TORRENT http://176.122.240.200/Sdgmp423fgGAWgjga/19/216_146.acelive"></button></cat>
 <cat name="Развлекательные"> <br>
<button name="QTV"  img="img\23.png" pid="TORRENT http://176.122.240.200/Sdgmp423fgGAWgjga/19/23_141.acelive"></button><br>
<button name="RTVі"  img="img\24.png" pid="TORRENT http://176.122.240.200/Sdgmp423fgGAWgjga/18/24_141.acelive"></button><br>
<button name="Парк Развлечений"  img="img\34.png" pid="TORRENT http://176.122.240.200/Sdgmp423fgGAWgjga/18/34_141.acelive"></button><br>
<button name="Дождь"  img="img\42.png" pid="TORRENT http://176.122.240.200/Sdgmp423fgGAWgjga/18/42_141.acelive"></button><br>
<button name="Кухня ТВ"  img="img\45.png" pid="TORRENT http://176.122.240.200/Sdgmp423fgGAWgjga/19/45_141.acelive"></button><br>
<button name="STV"  img="img\47.png" pid="TORRENT http://176.122.240.200/Sdgmp423fgGAWgjga/18/47_141.acelive"></button><br>
<button name="Меню ТВ"  img="img\96.png" pid="TORRENT http://176.122.240.200/Sdgmp423fgGAWgjga/19/96_141.acelive"></button><br>
<button name="Comedy TV"  img="img\123.png" pid="TORRENT http://176.122.240.200/Sdgmp423fgGAWgjga/19/123_141.acelive"></button><br>
<button name="ТНТ"  img="img\156.png" pid="TORRENT http://176.122.240.200/Sdgmp423fgGAWgjga/19/156_141.acelive"></button><br>
<button name="Amazing Life"  img="img\158.png" pid="TORRENT http://176.122.240.200/Sdgmp423fgGAWgjga/19/158_141.acelive"></button><br>
<button name="Рен ТВ"  img="img\162.png" pid="TORRENT http://176.122.240.200/Sdgmp423fgGAWgjga/19/162_141.acelive"></button><br>
<button name="Перец"  img="img\172.png" pid="TORRENT http://176.122.240.200/Sdgmp423fgGAWgjga/18/172_141.acelive"></button><br>
<button name="СТС"  img="img\173.png" pid="TORRENT http://176.122.240.200/Sdgmp423fgGAWgjga/19/173_141.acelive"></button><br>
<button name="World Fashion Channel"  img="img\209.png" pid="TORRENT http://176.122.240.200/Sdgmp423fgGAWgjga/18/209_141.acelive"></button><br>
<button name="Мега"  img="img\69.png" pid="TORRENT http://176.122.240.200/Sdgmp423fgGAWgjga/18/69_141.acelive"></button><br>
<button name="WedTV (Свадебный телеканал)"  img="img\310.png" pid="TORRENT 7f9bcb07648be12b329764fbd1e9ad1f4963b7d1"></button><br>
<button name="2х2"  img="img\291.png" pid="TORRENT http://acelive.torrent-tv.ru/cdn/torrent-tv-ru_2x2.acelive"></button><br>
<button name="myZen.tv HD"  img="img\179.png" pid="TORRENT http://176.122.240.200/Sdgmp423fgGAWgjga/19/179_146.acelive"></button><br>
<button name="HD Life"  img="img\244.png" pid="TORRENT http://176.122.240.200/Sdgmp423fgGAWgjga/18/244_146.acelive"></button></cat>
 <cat name="Фильмы"> <br>
<button name="Наше Кино"  img="img\26.png" pid="TORRENT http://176.122.240.200/Sdgmp423fgGAWgjga/18/26_141.acelive"></button><br>
<button name="Индия ТВ"  img="img\27.png" pid="TORRENT http://176.122.240.200/Sdgmp423fgGAWgjga/19/27_141.acelive"></button><br>
<button name="Киноклуб"  img="img\28.png" pid="TORRENT http://176.122.240.200/Sdgmp423fgGAWgjga/18/28_141.acelive"></button><br>
<button name="МногоTV"  img="img\29.png" pid="TORRENT http://176.122.240.200/Sdgmp423fgGAWgjga/19/29_141.acelive"></button><br>
<button name="Детский мир/Телеклуб"  img="img\30.png" pid="TORRENT http://176.122.240.200/Sdgmp423fgGAWgjga/18/30_141.acelive"></button><br>
<button name="НСТ"  img="img\31.png" pid="TORRENT http://176.122.240.200/Sdgmp423fgGAWgjga/19/31_141.acelive"></button><br>
<button name="Комедия ТВ"  img="img\33.png" pid="TORRENT http://176.122.240.200/Sdgmp423fgGAWgjga/19/33_141.acelive"></button><br>
<button name="AXN Sci-Fi"  img="img\76.png" pid="TORRENT http://176.122.240.200/Sdgmp423fgGAWgjga/18/76_141.acelive"></button><br>
<button name="TV 1000 Русское Кино"  img="img\83.png" pid="TORRENT http://176.122.240.200/Sdgmp423fgGAWgjga/18/83_141.acelive"></button><br>
<button name="TV 1000 Action"  img="img\84.png" pid="TORRENT http://176.122.240.200/Sdgmp423fgGAWgjga/19/84_141.acelive"></button><br>
<button name="Enter-фильм"  img="img\86.png" pid="TORRENT http://176.122.240.200/Sdgmp423fgGAWgjga/19/86_141.acelive"></button><br>
<button name="Русский Иллюзион"  img="img\92.png" pid="TORRENT http://176.122.240.200/Sdgmp423fgGAWgjga/18/92_141.acelive"></button><br>
<button name="FOX"  img="img\128.png" pid="TORRENT http://176.122.240.200/Sdgmp423fgGAWgjga/18/128_141.acelive"></button><br>
<button name="FOX Life"  img="img\129.png" pid="TORRENT http://176.122.240.200/Sdgmp423fgGAWgjga/19/129_141.acelive"></button><br>
<button name="Кино Cоюз"  img="img\150.png" pid="TORRENT http://176.122.240.200/Sdgmp423fgGAWgjga/18/150_141.acelive"></button><br>
<button name="Премьера"  img="img\151.png" pid="TORRENT http://176.122.240.200/Sdgmp423fgGAWgjga/19/151_141.acelive"></button><br>
<button name="Новое Кино"  img="img\152.png" pid="TORRENT http://176.122.240.200/Sdgmp423fgGAWgjga/18/152_141.acelive"></button><br>
<button name="Кинохит"  img="img\153.png" pid="TORRENT http://176.122.240.200/Sdgmp423fgGAWgjga/19/153_141.acelive"></button><br>
<button name="Кино Плюс"  img="img\157.png" pid="TORRENT http://176.122.240.200/Sdgmp423fgGAWgjga/18/157_141.acelive"></button><br>
<button name="XXI"  img="img\164.png" pid="TORRENT http://176.122.240.200/Sdgmp423fgGAWgjga/19/164_141.acelive"></button><br>
<button name="Дом Кино"  img="img\167.png" pid="TORRENT http://176.122.240.200/Sdgmp423fgGAWgjga/19/167_141.acelive"></button><br>
<button name="Иллюзион+"  img="img\170.png" pid="TORRENT http://176.122.240.200/Sdgmp423fgGAWgjga/18/170_141.acelive"></button><br>
<button name="Diva Universal"  img="img\177.png" pid="TORRENT http://176.122.240.200/Sdgmp423fgGAWgjga/19/177_141.acelive"></button><br>
<button name="НТВ Кинолюкс"  img="img\352.png" pid="TORRENT a6d3c0ce9b92969cb57f9f8807410b29f208ef94"></button><br>
<button name="MGM"  img="img\419.png" pid="TORRENT http://acelive.torrent-tv.ru/torrent-tv-ru_MGM.acelive"></button><br>
<button name="Sony Turbo"  img="img\538.png" pid="TORRENT http://clck.ru/8c3rc"></button><br>
<button name="Showtime"  img="img\274.png" pid="TORRENT http://acelive.1torrent.tv/1ttv/Showtime.acelive"></button><br>
<button name="Русский роман"  img="img\279.png" pid="TORRENT http://acelive.torrent-tv.ru/cdn/torrent-tv-ru_Русский роман.acelive"></button><br>
<button name="Nova Cinema"  img="img\344.png" pid="TORRENT http://acelive.1torrent.tv/1ttv/Nova Cinema.acelive"></button><br>
<button name="CBS Drama"  img="img\506.png" pid="TORRENT bf19484e13ecb15362f0ba67746079d7257a9576"></button><br>
<button name="Pink Film"  img="img\510.png" pid="TORRENT http://acelive.1torrent.tv/1ttv/Pink Film.acelive"></button><br>
<button name="HBO 2"  img="img\265.png" pid="TORRENT http://acelive.1torrent.tv/1ttv/HBO 2.acelive"></button><br>
<button name="Prima Love Czech"  img="img\387.png" pid="TORRENT http://acelive.1torrent.tv/1ttv/Prima Love Czech.acelive"></button><br>
<button name="Кинопоказ"  img="img\436.png" pid="TORRENT http://acelive.torrent-tv.ru/cdn/torrent-tv-ru_Кинопоказ.acelive"></button><br>
<button name="SET"  img="img\551.png" pid="TORRENT http://acelive.torrent-tv.ru/cdn/torrent-tv-ru_SET.acelive"></button><br>
<button name="Universal channel"  img="img\552.png" pid="TORRENT http://acelive.torrent-tv.ru/cdn/torrent-tv-ru_Universal Channel.acelive"></button><br>
<button name="Еврокино"  img="img\457.png" pid="TORRENT http://acelive.torrent-tv.ru/cdn/torrent-tv-ru_Еврокино.acelive"></button><br>
<button name="TV 1000 Premium HD"  img="img\268.png" pid="TORRENT http://176.122.240.200/Sdgmp423fgGAWgjga/18/268_146.acelive"></button><br>
<button name="TV 1000 Megahit HD"  img="img\269.png" pid="TORRENT http://176.122.240.200/Sdgmp423fgGAWgjga/19/269_146.acelive"></button><br>
<button name="TV 1000 Comedy HD"  img="img\270.png" pid="TORRENT http://176.122.240.200/Sdgmp423fgGAWgjga/18/270_146.acelive"></button></cat>
 <cat name="Спорт"> <br>
<button name="Боец"  img="img\35.png" pid="TORRENT http://176.122.240.200/Sdgmp423fgGAWgjga/19/35_141.acelive"></button><br>
<button name="Наш Футбол"  img="img\43.png" pid="TORRENT http://176.122.240.200/Sdgmp423fgGAWgjga/19/43_141.acelive"></button><br>
<button name="КХЛ"  img="img\44.png" pid="TORRENT http://176.122.240.200/Sdgmp423fgGAWgjga/18/44_141.acelive"></button><br>
<button name="Охота и Рыбалка"  img="img\65.png" pid="TORRENT http://176.122.240.200/Sdgmp423fgGAWgjga/18/65_141.acelive"></button><br>
<button name="Viasat Sport"  img="img\80.png" pid="TORRENT http://176.122.240.200/Sdgmp423fgGAWgjga/18/80_141.acelive"></button><br>
<button name="Eurosport"  img="img\89.png" pid="TORRENT http://176.122.240.200/Sdgmp423fgGAWgjga/19/89_141.acelive"></button><br>
<button name="Eurosport 2"  img="img\90.png" pid="TORRENT http://176.122.240.200/Sdgmp423fgGAWgjga/18/90_141.acelive"></button><br>
<button name="Спорт 1 Украина"  img="img\99.png" pid="TORRENT http://176.122.240.200/Sdgmp423fgGAWgjga/18/99_141.acelive"></button><br>
<button name="Футбол+ Украина"  img="img\105.png" pid="TORRENT http://176.122.240.200/Sdgmp423fgGAWgjga/18/105_141.acelive"></button><br>
<button name="Русский Экстрим"  img="img\154.png" pid="TORRENT http://176.122.240.200/Sdgmp423fgGAWgjga/18/154_141.acelive"></button><br>
<button name="Теннис"  img="img\159.png" pid="TORRENT http://176.122.240.200/Sdgmp423fgGAWgjga/18/159_141.acelive"></button><br>
<button name="Спорт Союз"  img="img\160.png" pid="TORRENT http://176.122.240.200/Sdgmp423fgGAWgjga/19/160_141.acelive"></button><br>
<button name="Спорт 2 Украина"  img="img\166.png" pid="TORRENT http://176.122.240.200/Sdgmp423fgGAWgjga/18/166_141.acelive"></button><br>
<button name="СПОРТ"  img="img\250.png" pid="TORRENT http://176.122.240.200/Sdgmp423fgGAWgjga/18/250_141.acelive"></button><br>
<button name="Футбол"  img="img\260.png" pid="TORRENT http://176.122.240.200/Sdgmp423fgGAWgjga/19/260_141.acelive"></button><br>
<button name="Спорт 1 Россия"  img="img\263.png" pid="TORRENT http://176.122.240.200/Sdgmp423fgGAWgjga/19/263_141.acelive"></button><br>
<button name="Хоккей Украина"  img="img\144.png" pid="TORRENT http://176.122.240.200/Sdgmp423fgGAWgjga/19/144_141.acelive"></button><br>
<button name="Баскетбол"  img="img\267.png" pid="TORRENT http://acelive.torrent-tv.ru/torrent-tv-ru_НТВ+ Баскетбол.acelive"></button><br>
<button name="Спорт 1 HD"  img="img\332.png" pid="TORRENT 0e009a0c86381c75cd38854d485fca678fcfd884"></button><br>
<button name="Viasat 3 Sport HD"  img="img\269.png" pid="TORRENT http://acelive.1torrent.tv/1ttv/Viasat 3 Sport HD.acelive"></button><br>
<button name="NBA TV"  img="img\277.png" pid="TORRENT http://acelive.1torrent.tv/1ttv/NBA TV.acelive"></button><br>
<button name="НТВ Футбол HD"  img="img\539.png" pid="TORRENT c0c199a23185173346a05de65bbab0e72376d63c"></button><br>
<button name="НТВ Футбол 2 HD"  img="img\540.png" pid="TORRENT 1e7ced7ea8fa29c827cc2053462a3b1ba660f6ff"></button><br>
<button name="Nova Sport"  img="img\341.png" pid="TORRENT http://acelive.1torrent.tv/1ttv/Nova Sport.acelive"></button><br>
<button name="ESPN America"  img="img\524.png" pid="TORRENT http://acelive.torrent-tv.ru/torrent-tv-ru_ESPN America.acelive"></button><br>
<button name="Motors TV"  img="img\480.png" pid="TORRENT http://acelive.torrent-tv.ru/torrent-tv-ru_Motor TV.acelive"></button><br>
<button name="Sportklub "  img="img\408.png" pid="TORRENT http://acelive.1torrent.tv/1ttv/Sportklub .acelive"></button><br>
<button name="Sportklub"  img="img\409.png" pid="TORRENT http://acelive.1torrent.tv/1ttv/Sportklub.acelive"></button><br>
<button name="Super Tennis HD"  img="img\553.png" pid="TORRENT http://acelive.torrent-tv.ru/torrent-tv-ru_Super Tennis HD.acelive"></button><br>
<button name="Бойцовский клуб"  img="img\306.png" pid="TORRENT http://acelive.torrent-tv.ru/torrent-tv-ru_Бойцовский клуб.acelive"></button><br>
<button name="Футбол Украина"  img="img\104.png" pid="TORRENT http://176.122.240.200/Sdgmp423fgGAWgjga/19/104_141.acelive"></button><br>
<button name="Спорт Онлайн"  img="img\264.png" pid="TORRENT http://176.122.240.200/Sdgmp423fgGAWgjga/18/264_141.acelive"></button><br>
<button name="Eurosport HD"  img="img\165.png" pid="TORRENT http://176.122.240.200/Sdgmp423fgGAWgjga/18/165_146.acelive"></button><br>
<button name="HD Sport"  img="img\183.png" pid="TORRENT http://176.122.240.200/Sdgmp423fgGAWgjga/18/183_146.acelive"></button><br>
<button name="Eurosport 2 HD"  img="img\215.png" pid="TORRENT http://176.122.240.200/Sdgmp423fgGAWgjga/19/215_146.acelive"></button></cat>
 <cat name="Детские"> <br>
<button name="Плюс Плюс Украина"  img="img\3.png" pid="TORRENT http://176.122.240.200/Sdgmp423fgGAWgjga/19/3_141.acelive"></button><br>
<button name="JimJam"  img="img\22.png" pid="TORRENT http://176.122.240.200/Sdgmp423fgGAWgjga/18/22_141.acelive"></button><br>
<button name="nickelodeon"  img="img\58.png" pid="TORRENT http://176.122.240.200/Sdgmp423fgGAWgjga/18/58_141.acelive"></button><br>
<button name="Пиксель Украина"  img="img\87.png" pid="TORRENT http://176.122.240.200/Sdgmp423fgGAWgjga/18/87_141.acelive"></button><br>
<button name="Disney Channel"  img="img\163.png" pid="TORRENT http://176.122.240.200/Sdgmp423fgGAWgjga/18/163_141.acelive"></button><br>
<button name="Карусель"  img="img\168.png" pid="TORRENT http://176.122.240.200/Sdgmp423fgGAWgjga/18/168_141.acelive"></button><br>
<button name="Детский"  img="img\169.png" pid="TORRENT http://176.122.240.200/Sdgmp423fgGAWgjga/19/169_141.acelive"></button><br>
<button name="Cartoon Network"  img="img\180.png" pid="TORRENT http://176.122.240.200/Sdgmp423fgGAWgjga/18/180_141.acelive"></button><br>
<button name="Улыбка Ребенка"  img="img\208.png" pid="TORRENT http://176.122.240.200/Sdgmp423fgGAWgjga/19/208_141.acelive"></button><br>
<button name="Малятко TV Украина"  img="img\211.png" pid="TORRENT http://176.122.240.200/Sdgmp423fgGAWgjga/19/211_141.acelive"></button><br>
<button name="Мультимания"  img="img\213.png" pid="TORRENT http://176.122.240.200/Sdgmp423fgGAWgjga/18/213_141.acelive"></button><br>
<button name="nick jr."  img="img\214.png" pid="TORRENT http://176.122.240.200/Sdgmp423fgGAWgjga/19/214_141.acelive"></button><br>
<button name="TiJi"  img="img\301.png" pid="TORRENT http://acelive.torrent-tv.ru/cdn/torrent-tv-ru_TiJi.acelive"></button><br>
<button name="nickelodeon HD"  img="img\184.png" pid="TORRENT http://176.122.240.200/Sdgmp423fgGAWgjga/19/184_146.acelive"></button></cat>
 <cat name="Новости"> <br>
<button name="24 Украина"  img="img\19.png" pid="TORRENT http://176.122.240.200/Sdgmp423fgGAWgjga/18/19_141.acelive"></button><br>
<button name="ТВі Украина"  img="img\59.png" pid="TORRENT http://176.122.240.200/Sdgmp423fgGAWgjga/19/59_141.acelive"></button><br>
<button name="РБК"  img="img\91.png" pid="TORRENT http://176.122.240.200/Sdgmp423fgGAWgjga/19/91_141.acelive"></button><br>
<button name="Euronews"  img="img\110.png" pid="TORRENT http://176.122.240.200/Sdgmp423fgGAWgjga/18/110_141.acelive"></button><br>
<button name="Россия 24"  img="img\171.png" pid="TORRENT http://176.122.240.200/Sdgmp423fgGAWgjga/19/171_141.acelive"></button><br>
<button name="Russia Today"  img="img\272.png" pid="TORRENT http://acelive.1torrent.tv/1ttv/Russia Today.acelive"></button><br>
<button name="100% News"  img="img\287.png" pid="TORRENT http://acelive.torrent-tv.ru/cdn/torrent-tv-ru_100% News.acelive"></button><br>
<button name="BBC World News"  img="img\266.png" pid="TORRENT http://acelive.1torrent.tv/1ttv/BBC World News.acelive"></button></cat>
 <cat name="Музыка"> <br>
<button name="Шансон ТВ"  img="img\40.png" pid="TORRENT http://176.122.240.200/Sdgmp423fgGAWgjga/18/40_141.acelive"></button><br>
<button name="MTV Dance"  img="img\174.png" pid="TORRENT http://176.122.240.200/Sdgmp423fgGAWgjga/18/174_141.acelive"></button><br>
<button name="Mezzo"  img="img\175.png" pid="TORRENT http://176.122.240.200/Sdgmp423fgGAWgjga/19/175_141.acelive"></button><br>
<button name="RU MUSIC"  img="img\106.png" pid="TORRENT http://176.122.240.200/Sdgmp423fgGAWgjga/19/106_141.acelive"></button><br>
<button name="Top Music TV"  img="img\309.png" pid="TORRENT http://acelive.1torrent.tv/1ttv/Top Music TV.acelive"></button><br>
<button name="MTV Rocks"  img="img\366.png" pid="TORRENT 50b40dd15c3678b08f2c2567387961c558de1d18"></button><br>
<button name="MTV Russia"  img="img\367.png" pid="TORRENT 87e91f41999c07bc857c31a4f87969b7622d8c75"></button><br>
<button name="MTV Ukraine"  img="img\368.png" pid="TORRENT 0b5a5ea6970196e412f2a2b933f39af1ba79f7f9"></button><br>
<button name="MTV live HD"  img="img\548.png" pid="TORRENT http://tv.club-men.ru/uploads/tv/MTVliveHD.acelive"></button><br>
<button name="4 Fun TV"  img="img\259.png" pid="TORRENT http://acelive.1torrent.tv/1ttv/4 Fun TV.acelive"></button><br>
<button name="Russian Music Box"  img="img\268.png" pid="TORRENT http://acelive.1torrent.tv/1ttv/Russian Music Box.acelive"></button><br>
<button name="Music Box"  img="img\276.png" pid="TORRENT http://acelive.1torrent.tv/1ttv/Music Box.acelive"></button><br>
<button name="Valentino Folk"  img="img\282.png" pid="TORRENT http://acelive.1torrent.tv/1ttv/Valentino Folk.acelive"></button><br>
<button name="A-One"  img="img\316.png" pid="TORRENT http://acelive.torrent-tv.ru/cdn/torrent-tv-ru_A-One.acelive"></button><br>
<button name="A-One UA"  img="img\317.png" pid="TORRENT http://acelive.torrent-tv.ru/torrent-tv-ru_A-ONE UA.acelive"></button><br>
<button name="VIVA"  img="img\340.png" pid="TORRENT http://acelive.1torrent.tv/1ttv/VIVA.acelive"></button><br>
<button name="Musiq1"  img="img\342.png" pid="TORRENT http://acelive.1torrent.tv/1ttv/Musiq1.acelive"></button><br>
<button name="OCKO"  img="img\343.png" pid="TORRENT http://acelive.1torrent.tv/1ttv/OCKO.acelive"></button><br>
<button name="VH 1"  img="img\393.png" pid="TORRENT http://acelive.torrent-tv.ru/cdn/torrent-tv-ru_VH1.acelive"></button><br>
<button name="VH 1 Classic"  img="img\394.png" pid="TORRENT http://acelive.torrent-tv.ru/cdn/torrent-tv-ru_VH1 Classic.acelive"></button><br>
<button name="Europa Plus TV"  img="img\554.png" pid="TORRENT http://acelive.torrent-tv.ru/cdn/torrent-tv-ru_Europa Plus TV.acelive"></button><br>
<button name="Музыка Первого"  img="img\555.png" pid="TORRENT http://acelive.torrent-tv.ru/cdn/torrent-tv-ru_Музыка Первого.acelive"></button><br>
<button name="Муз ТВ"  img="img\556.png" pid="TORRENT http://acelive.torrent-tv.ru/torrent-tv-ru_Муз ТВ.acelive"></button><br>
<button name="М1"  img="img\557.png" pid="TORRENT http://acelive.torrent-tv.ru/cdn/torrent-tv-ru_М1.acelive"></button><br>
<button name="М2"  img="img\558.png" pid="TORRENT http://acelive.torrent-tv.ru/cdn/torrent-tv-ru_М2.acelive"></button></cat>
 <cat name="HD"> <br>
<button name="Спорт 1 HD"  img="img\332.png" pid="TORRENT 0e009a0c86381c75cd38854d485fca678fcfd884"></button><br>
<button name="MTV live HD"  img="img\548.png" pid="TORRENT http://tv.club-men.ru/uploads/tv/MTVliveHD.acelive"></button><br>
<button name="НТВ Футбол HD"  img="img\539.png" pid="TORRENT c0c199a23185173346a05de65bbab0e72376d63c"></button><br>
<button name="НТВ Футбол 2 HD"  img="img\540.png" pid="TORRENT 1e7ced7ea8fa29c827cc2053462a3b1ba660f6ff"></button><br>
<button name="Super Tennis HD"  img="img\553.png" pid="TORRENT http://acelive.torrent-tv.ru/torrent-tv-ru_Super Tennis HD.acelive"></button><br>
<button name="Eurosport HD"  img="img\165.png" pid="TORRENT http://176.122.240.200/Sdgmp423fgGAWgjga/18/165_146.acelive"></button><br>
<button name="myZen.tv HD"  img="img\179.png" pid="TORRENT http://176.122.240.200/Sdgmp423fgGAWgjga/19/179_146.acelive"></button><br>
<button name="HD Sport"  img="img\183.png" pid="TORRENT http://176.122.240.200/Sdgmp423fgGAWgjga/18/183_146.acelive"></button><br>
<button name="nickelodeon HD"  img="img\184.png" pid="TORRENT http://176.122.240.200/Sdgmp423fgGAWgjga/19/184_146.acelive"></button><br>
<button name="Outdoor HD"  img="img\202.png" pid="TORRENT http://176.122.240.200/Sdgmp423fgGAWgjga/18/202_146.acelive"></button><br>
<button name="Eurosport 2 HD"  img="img\215.png" pid="TORRENT http://176.122.240.200/Sdgmp423fgGAWgjga/19/215_146.acelive"></button><br>
<button name="Travel Channel HD"  img="img\216.png" pid="TORRENT http://176.122.240.200/Sdgmp423fgGAWgjga/19/216_146.acelive"></button><br>
<button name="HD Life"  img="img\244.png" pid="TORRENT http://176.122.240.200/Sdgmp423fgGAWgjga/18/244_146.acelive"></button><br>
<button name="TV 1000 Premium HD"  img="img\268.png" pid="TORRENT http://176.122.240.200/Sdgmp423fgGAWgjga/18/268_146.acelive"></button><br>
<button name="TV 1000 Megahit HD"  img="img\269.png" pid="TORRENT http://176.122.240.200/Sdgmp423fgGAWgjga/19/269_146.acelive"></button><br>
<button name="TV 1000 Comedy HD"  img="img\270.png" pid="TORRENT http://176.122.240.200/Sdgmp423fgGAWgjga/18/270_146.acelive"></button><br>
<button name="Первый канал HD"  img="img\272.png" pid="TORRENT http://acelive.torrent-tv.ru/torrent-tv-ru_Первый канал HD.acelive"></button><br>
<button name="Россия HD"  img="img\273.png" pid="TORRENT http://acelive.torrent-tv.ru/torrent-tv-ru_Россия HD.acelive"></button></cat>
