
 <cat name="Общие"> 
<button name="1+1 Украина"  img="img\1.png" pid="TORRENT 6e301ccc9dda8051f0f9bc275c39552e339c9b25"></button>
<button name="2+2 Украина"  img="img\2.png" pid="TORRENT df38e3dcc81ca1d0e0c904158fc5f348171fe327"></button>
<button name="ТЕТ Украина"  img="img\4.png" pid="TORRENT d660e883da942d050600867b66ab28d1605b6650"></button>
<button name="5 канал Украина"  img="img\5.png" pid="TORRENT 58ee291f55f88d7b0772d236103074838d97f306"></button>
<button name="ICTV Украина"  img="img\6.png" pid="TORRENT 5adcb0f5e0c5afec0ba50e6dbde8cd963741a037"></button>
<button name="Новый канал Украина"  img="img\7.png" pid="TORRENT ce3a60fbc84c76c01579ae335e426a3562e09c6f"></button>
<button name="Украина"  img="img\9.png" pid="TORRENT 543f2826af6806240a443c5ffece2025939f3e69"></button>
<button name="СТБ Украина"  img="img\10.png" pid="TORRENT aacf099104932b85b6944e9072b1ce47e89ed409"></button>
<button name="Первый Украина"  img="img\12.png" pid="TORRENT 0d80ac3842e560a6c1b0021869d084a394b0d9d7"></button>
<button name="Интер Украина"  img="img\15.png" pid="TORRENT dba575f488d1f57a2c82aefa13c87876a978ca0f"></button>
<button name="НТВ Мир"  img="img\25.png" pid="TORRENT 675141d2779a7b3654a0cc684240a356d8cfef1e"></button>
<button name="Ностальгия"  img="img\32.png" pid="TORRENT 1bbea923d80f01ac4cda850517de84626570101e"></button>
<button name="РТР-Планета"  img="img\85.png" pid="TORRENT 071decd580a1d769ab08e9762af7464644b2e900"></button>
<button name="Armenia 1"  img="img\190.png" pid="TORRENT 450074e2633109f3e74d5e45fcfc93669d825c06"></button>
<button name="AzTV Азербайджан"  img="img\191.png" pid="TORRENT 2b9f854d63e8cebd3698e2b3d5675a047e1e5821"></button>
<button name="Belarus TV"  img="img\193.png" pid="TORRENT 37e13996666f1f23a132261e54945754bf3bc851"></button>
<button name="Lider TV Азербайджан"  img="img\199.png" pid="TORRENT b5e990125d4443db7925b5fc6249e833a2af4346"></button>
<button name="Shant TV Армения"  img="img\205.png" pid="TORRENT 25bb56afca067f8db3ac54881c246a95fe2f810d"></button>
<button name="TVCI"  img="img\207.png" pid="TORRENT 2854866fdf0181d6e977b39f7112738968e4afeb"></button>
<button name="Первый канал"  img="img\231.png" pid="TORRENT ba48484351e33418d5fac3a9dc8a3018783a2b5c"></button>
<button name="Россия"  img="img\232.png" pid="TORRENT c6e1284c9028b19916ee80683707011f2537dfda"></button>
<button name="Россия Культура"  img="img\233.png" pid="TORRENT c46d4a6e37e2caa335be4cc2fc977403bbaeb9c5"></button>
<button name="Россия 2"  img="img\249.png" pid="TORRENT 07b84c338bac3ddebf3d78e4e8ce5ea6035e99d5"></button>
<button name="НТВ"  img="img\261.png" pid="TORRENT 5cc185cfe4ae82d86c184400e61e9d849d7d55d6"></button>
<button name="Первый канал HD"  img="img\272.png" pid="TORRENT 931ca7b8dc15539cc553b41decfefdaca41bae1e"></button>
<button name="Россия HD"  img="img\273.png" pid="TORRENT 8fec50cbb82f790715abfa263e8fadaf5d9985c8"></button>
<button name="Рэтро ТВ"  img="img\643.png" pid="TORRENT e944e5a9584b295895526f9112f096c29df6eb90"></button>
<button name="K 1 Украина"  img="img\497.png" pid="TORRENT 8a32ed44da0177e0c5066a587b16c12ffde11427"></button>
<button name="K 2 Украина"  img="img\498.png" pid="TORRENT 93b1f353ba22a0ffb3f7249d2c2c16fbb9edab75"></button>
<button name="Драйв ТВ"  img="img\513.png" pid="TORRENT b2cc88cdd639a43ba426361e6808f898eb1734cb"></button>
<button name="Tonis Украина"  img="img\451.png" pid="TORRENT ede0ad73bf116f2bd01dc93945fce979a4b76989"></button>
<button name="Белсат ТВ"  img="img\708.png" pid="TORRENT 173ece3467ec317362e3e1c3af3df33e03fc2c58"></button>
<button name="НТН"  img="img\490.png" pid="TORRENT 4d1b3dab44e161bdaea1a38e9d1b5105127ea3e6"></button>
<button name="ТВЦ"  img="img\650.png" pid="TORRENT 467603ff2a607219adad753ea4c3b1b977228ee9"></button>
<button name="Пятый Канал"  img="img\278.png" pid="TORRENT 0273eb06125f6dd50029801156a86b844824f42c"></button>
<button name="Звезда"  img="img\279.png" pid="TORRENT cb9b6f74161f5cf29b8ef6ade299ce792d3f6bd9"></button></cat>
 <cat name="Познавательные"> 
<button name="Первый автомобильный"  img="img\20.png" pid="TORRENT b636251dab9d0b016b410159456d71b88bca1c4b"></button>
<button name="24 ДОК"  img="img\36.png" pid="TORRENT 648fa104fa56fd8fccbb08cb5920e277a943a437"></button>
<button name="Авто Плюс"  img="img\37.png" pid="TORRENT 212dd2717677f0250c2dcc4b4853cbd7ea15d2a5"></button>
<button name="365 дней"  img="img\38.png" pid="TORRENT ba992355f51f40d173ffdbee57931475975315f2"></button>
<button name="Совершенно Секретно"  img="img\39.png" pid="TORRENT 5f109b99dd33e0ff72f13b5fd9ca010eccdd0085"></button>
<button name="Кто есть кто"  img="img\41.png" pid="TORRENT 3b665bef21c133e04953f3a7060bc372d23b83bc"></button>
<button name="Интересное ТВ"  img="img\48.png" pid="TORRENT 47e46d9e713f82d47702ed9f4dffd7b7d3032985"></button>
<button name="Travel Channel"  img="img\49.png" pid="TORRENT 78eb9025225bed8539204b8120fc0bf3c54a0ed5"></button>
<button name="24 ТЕХНО"  img="img\57.png" pid="TORRENT 20fad4475d93d6577bf79c55a0c1ce3a6cd582e3"></button>
<button name="Здоровое телевидение"  img="img\63.png" pid="TORRENT ebb4eade03390662a61a36a3231e9dce5e99b371"></button>
<button name="Усадьба"  img="img\64.png" pid="TORRENT 1a8da935043e1c200f0af29f3d7519c28f89311e"></button>
<button name="Домашние животные"  img="img\66.png" pid="TORRENT 7702aea3037b779cc9afe6a24161ba497711e792"></button>
<button name="Вопросы и ответы"  img="img\67.png" pid="TORRENT a21bd938c783148a0e04d065ab916b88e02c6301"></button>
<button name="Психология 21"  img="img\68.png" pid="TORRENT f0177ba6fd1a9f91b37471175ab07ac53e12790c"></button>
<button name="National Geographic"  img="img\75.png" pid="TORRENT a2f49ff413257ff345bedfbc16678828f0001c77"></button>
<button name="Nat Geo Wild"  img="img\77.png" pid="TORRENT 89178be32f0f51fc3b8471002b0bb9ae54720e7c"></button>
<button name="Viasat History"  img="img\78.png" pid="TORRENT 4d6d2126e256d479d84f75cece46b0006c455ae1"></button>
<button name="Viasat Explorer"  img="img\79.png" pid="TORRENT 27520dbed36fa96225e7df46e43eff68ef95f4e7"></button>
<button name="Zоопарк"  img="img\93.png" pid="TORRENT 523e532e84d33b311951c240e37ba110461cd807"></button>
<button name="English Club TV"  img="img\94.png" pid="TORRENT 40f6842b8269dcb2d2a9a94871b8c7ce96cb59db"></button>
<button name="Культура Украина"  img="img\132.png" pid="TORRENT 0e334b808154a744ffcd4a52b9e5200fb7b31db0"></button>
<button name="Da Vinci Learning"  img="img\176.png" pid="TORRENT 7bade4832ce9c96f1f81d78655e7c971c49739df"></button>
<button name="Zone Reality"  img="img\182.png" pid="TORRENT 50f409d15c897a3ece3f87f8d03801e2c4ee075a"></button>
<button name="Outdoor HD"  img="img\202.png" pid="TORRENT bd2bccc532d49b744b61cc25942d33dc9c29eb7a"></button>
<button name="Travel Channel HD"  img="img\216.png" pid="TORRENT 8a0fdb9a24d72dab48b327bef5a89fe309a4e387"></button>
<button name="Viasat Nature"  img="img\81.png" pid="TORRENT 1f7772e55c3507486474849e663f1631c1ea887e"></button>
<button name="Наука 2.0"  img="img\560.png" pid="TORRENT b874cf50f5b0582cedb7068b0bdce09e2b00b053"></button>
<button name="Galaxy TV"  img="img\519.png" pid="TORRENT 96dd5b38af8ef7b3849d40b5ecbe4c58e291ef78"></button>
<button name="Travel Adventure"  img="img\426.png" pid="TORRENT cb8edcd7e2c09f3a675eebc3218ab1b2a8ba68e2"></button>
<button name="Russian Travel Guide"  img="img\653.png" pid="TORRENT 9359ea9681e54124fc607ca357167e8d3a2ce3f6"></button>
<button name="Моя Планета"  img="img\430.png" pid="TORRENT 1cc99655aa26dc04e745452888b50ef712cd358f"></button>
<button name="National Geographic HD"  img="img\561.png" pid="TORRENT 45dfbb487db4619979f8fd3dcc9f5b08ca87115e"></button>
<button name="Nat Geo Wild HD"  img="img\227.png" pid="TORRENT 790d8cd13a64798a9df526e4785f216bb64c6894"></button></cat>
 <cat name="Развлекательные"> 
<button name="QTV"  img="img\23.png" pid="TORRENT 322bf45d77a72d3dc31cb230a65272a4e57e0fca"></button>
<button name="RTVі"  img="img\24.png" pid="TORRENT dc7879dff0c6cc1d43b521f84f9ca1f584d8db84"></button>
<button name="Парк Развлечений"  img="img\34.png" pid="TORRENT dbe40a45017a6e5fa1544a1f19fa61d626245c47"></button>
<button name="Дождь"  img="img\42.png" pid="TORRENT ea5371181a9acdd5c85ca73e3692479277da816c"></button>
<button name="Кухня ТВ"  img="img\45.png" pid="TORRENT 52a595feef545af4eae6592689a508c0a4139890"></button>
<button name="STV"  img="img\47.png" pid="TORRENT e68531e409d371ebd9f20fbc20f3607fa3f58960"></button>
<button name="Меню ТВ"  img="img\96.png" pid="TORRENT 1c568c8526816f3c29cab42deaabf423c06dd5f3"></button>
<button name="Comedy TV"  img="img\123.png" pid="TORRENT 7f2ec775d1ecd2ab98e5976612b62c67ac0a4a31"></button>
<button name="ТНТ"  img="img\156.png" pid="TORRENT fba246367d699a19758b12ac6d194489f49e31ad"></button>
<button name="Amazing Life"  img="img\158.png" pid="TORRENT 8e0f1b1764db8c4eda97193e8349c13622241bd9"></button>
<button name="Рен ТВ"  img="img\162.png" pid="TORRENT 5d590f5db3911b173fa87e71ed2a9b6b51bbafb7"></button>
<button name="Перец"  img="img\172.png" pid="TORRENT e836287737ff6f96f78152db3d261a9fba54620c"></button>
<button name="СТС"  img="img\173.png" pid="TORRENT b11e3c01956108c2e593c6da2c4689f648aa1d32"></button>
<button name="myZen.tv HD"  img="img\179.png" pid="TORRENT a8638e6a2fcde88aa2de674c2d15786361145c2a"></button>
<button name="World Fashion Channel"  img="img\209.png" pid="TORRENT 4c80ba7ae57626432f14153e14bcdb3fff4a6b44"></button>
<button name="HD Life"  img="img\244.png" pid="TORRENT 39b972f37bf2af099fa23943ab62c08d1625122a"></button>
<button name="Мега"  img="img\69.png" pid="TORRENT 89a0050ef4cb3181610b87d356518c74607dafcd"></button>
<button name="WedTV (Свадебный телеканал)"  img="img\310.png" pid="TORRENT 7f9bcb07648be12b329764fbd1e9ad1f4963b7d1"></button>
<button name="ю"  img="img\502.png" pid="TORRENT 0b8238adfd938e0667fe6ba469dfb9959d25acf1"></button>
<button name="Zee TV"  img="img\461.png" pid="TORRENT c1001a8d879e49f527158cab59dcbdf4b949c6c0"></button>
<button name="Teen TV"  img="img\694.png" pid="TORRENT 28f615f2319e5f924d1c596c556d980faf0bffb0"></button>
<button name="Maxxi TV"  img="img\703.png" pid="TORRENT 73137331f4967b6f1ca6b455269ce81a5b604573"></button>
<button name="Оружие"  img="img\582.png" pid="TORRENT 9c95ec4a9961164f59d350ccd668914b646effab"></button>
<button name="ITV"  img="img\255.png" pid="TORRENT 3e47a6a07679af29db8d49a4756ca2770b242c03"></button>
<button name="2x2"  img="img\280.png" pid="TORRENT 6e2b67a83ec5049c1e826bae73c5b58474540152"></button></cat>
 <cat name="Фильмы"> 
<button name="Наше Кино"  img="img\26.png" pid="TORRENT 5505d75e47f9e785cf14027867867c6f6e3fbe7e"></button>
<button name="Индия ТВ"  img="img\27.png" pid="TORRENT f0f0e522959c36aba74938995977d340d7c8536f"></button>
<button name="Киноклуб"  img="img\28.png" pid="TORRENT 445f68d25d47d05ed08f4fb2366f9987517761cc"></button>
<button name="МногоTV"  img="img\29.png" pid="TORRENT ce3c91b381d22509897993670fd1160e402996c4"></button>
<button name="Детский мир/Телеклуб"  img="img\30.png" pid="TORRENT 859cae63b351ef0bd6d4d4d7ea8070c7f524520d"></button>
<button name="НСТ"  img="img\31.png" pid="TORRENT e2b1aece95da483e46bb02e2e55f4ff95e6c1090"></button>
<button name="Комедия ТВ"  img="img\33.png" pid="TORRENT 15678c5ab8d3c34734dca24e10d96615426fd958"></button>
<button name="TV 1000 Русское Кино"  img="img\83.png" pid="TORRENT 2c7ffb9cdd5ce858b27ee52c931b161ffb11def3"></button>
<button name="TV 1000 Action"  img="img\84.png" pid="TORRENT 82f391b34321e39c825b43e7844f9b2be580043c"></button>
<button name="Enter-фильм"  img="img\86.png" pid="TORRENT bab7f73a2bf72fda9f144bdb05af51338abb68da"></button>
<button name="Русский Иллюзион"  img="img\92.png" pid="TORRENT f14bf6ff76270a1607f20ee7dd4fed86b52b582b"></button>
<button name="FOX"  img="img\128.png" pid="TORRENT e0ad0fc0fd89a8714e57fee570befa058843106b"></button>
<button name="FOX Life"  img="img\129.png" pid="TORRENT 5ee47e8157362dbbba97d7de6df80603b52f39b5"></button>
<button name="Кино Cоюз"  img="img\150.png" pid="TORRENT 8a7fa585af06d16a425aacd4c3feb194f151d560"></button>
<button name="Премьера"  img="img\151.png" pid="TORRENT bf49bec07637fd136299d9b7072b756034f6e2a3"></button>
<button name="Новое Кино"  img="img\152.png" pid="TORRENT 3ce7d025f1b87271931f36566f62aacf91dacc0d"></button>
<button name="Кинохит"  img="img\153.png" pid="TORRENT ce8b6682ea7221ae6a4908c2fea17b844d4d626d"></button>
<button name="Кино Плюс"  img="img\157.png" pid="TORRENT e8a08e96b3dd227d4ff21aefcb76cb066f880abd"></button>
<button name="XXI"  img="img\164.png" pid="TORRENT 6cae97fd5f4c8d1a6b4566cd8be28189bbacd749"></button>
<button name="Дом Кино"  img="img\167.png" pid="TORRENT da82151a7e4d2d412e54135845ac09de98f73a2f"></button>
<button name="Иллюзион+"  img="img\170.png" pid="TORRENT 35e55fca8f889924e6e384eb35f01f571be2cdd0"></button>
<button name="Diva Universal"  img="img\177.png" pid="TORRENT e1c69f735f059c7322090e598a147434e2830c49"></button>
<button name="Еврокино"  img="img\457.png" pid="TORRENT e3c659413604c2ace87a896be5b54676e5988616"></button>
<button name="НТВ Кинолюкс"  img="img\352.png" pid="TORRENT a6d3c0ce9b92969cb57f9f8807410b29f208ef94"></button>
<button name="Кинопоказ"  img="img\436.png" pid="TORRENT a3f3b39720805dc78ebd04520b7730cb980c5599"></button>
<button name="Русский роман"  img="img\279.png" pid="TORRENT 9930964c0f93309997bc85a95e7e33dbaeb01e0e"></button>
<button name="100ТВ"  img="img\649.png" pid="TORRENT 4be6e1b35960e446e32224bd770dbfe74e1fd8e3"></button>
<button name="ТВ-3"  img="img\485.png" pid="TORRENT d110a1c0f258aff4dec6cf2f0228bd970f56cf28"></button>
<button name="Paramount Comedy"  img="img\603.png" pid="TORRENT ba49699524955321698d04a53b99df95b60f0581"></button>
<button name="Феникс КИно Плюс"  img="img\704.png" pid="TORRENT 277ac9e2769751d4179e0b60aa65937a8fa2fa2d"></button></cat>
 <cat name="Спорт"> 
<button name="Боец"  img="img\35.png" pid="TORRENT e1d2ca9ef655985c27496f3bc33e421846cb661f"></button>
<button name="Наш Футбол"  img="img\43.png" pid="TORRENT e22a28b641eaa07e36aba7a58ffe5e3da9ac51ed"></button>
<button name="КХЛ"  img="img\44.png" pid="TORRENT 61d222c16bac1a33d0f09b2378e2e52231db9b23"></button>
<button name="Охота и Рыбалка"  img="img\65.png" pid="TORRENT 6c957293d0f78304f04f89b7c11c32021285c6ba"></button>
<button name="Viasat Sport"  img="img\80.png" pid="TORRENT eeb8deb2144919174772615a8bdbfd80a8a938f2"></button>
<button name="Eurosport"  img="img\89.png" pid="TORRENT dd00278811e4a38e73e4c59588e00e86ac0f7b05"></button>
<button name="Eurosport 2"  img="img\90.png" pid="TORRENT 459946f32245e6d33c458f49d7b33e3fd716378e"></button>
<button name="Спорт 1 Украина"  img="img\99.png" pid="TORRENT c8872f8d7578a62c698d94a9b17215b255756eac"></button>
<button name="Футбол Украина"  img="img\104.png" pid="TORRENT 5cd587db6acc79ffdd0c5e810355866c1b5401b2"></button>
<button name="Футбол+ Украина"  img="img\105.png" pid="TORRENT df9293e1c4f0e2028e3e4121e543366b02aeb9be"></button>
<button name="Русский Экстрим"  img="img\154.png" pid="TORRENT eb9679ac17de0acbd2a84b3711f705906c794098"></button>
<button name="Теннис"  img="img\159.png" pid="TORRENT 749cc731ba0d16fe9f7c82126ae7cca7eb7c1200"></button>
<button name="Спорт Союз"  img="img\160.png" pid="TORRENT 5c723b451510bdfb537006ce6c2b8fddff2d81ce"></button>
<button name="Спорт 2 Украина"  img="img\166.png" pid="TORRENT 10132a707f9f6439790f403ecc6d9cc6024b845e"></button>
<button name="Eurosport HD"  img="img\165.png" pid="TORRENT 7a8ee594b08377f6b19a4fa9f337b1b669aeb27f"></button>
<button name="HD Sport"  img="img\183.png" pid="TORRENT 93b50b10a83f4ddb429058fdd6f9170e243744f9"></button>
<button name="Eurosport 2 HD"  img="img\215.png" pid="TORRENT 43c5f6b2239cff7b40b3967aa8fa30444ffb89b6"></button>
<button name="СПОРТ"  img="img\250.png" pid="TORRENT 69acd1cc7ef661143a06f9d802170183876e5404"></button>
<button name="Футбол"  img="img\260.png" pid="TORRENT 6016e333d84a4cca5ccbd3b87cf461b0a530278b"></button>
<button name="Спорт Онлайн"  img="img\264.png" pid="TORRENT 6967537c9e60f6efe7dc331a0be24e17ec4a5efa"></button>
<button name="Хоккей Украина"  img="img\144.png" pid="TORRENT 52bf5298ae181e0fb8b3ccd295f582f403ff2e74"></button>
<button name="Баскетбол"  img="img\267.png" pid="TORRENT c627e0dc1d99c5ea00aa82b3081a32b2fd335405"></button>
<button name="Футбол 2"  img="img\574.png" pid="TORRENT 26ea9683a6f5033a224799173f9dbf57908d7e20"></button>
<button name="Спорт плюс"  img="img\597.png" pid="TORRENT f280bb1dd68085ecf9c63592057cc821874f6618"></button>
<button name="Бойцовский клуб"  img="img\306.png" pid="TORRENT a2fcbdabdd22c8d1dda06d498ec0a49c78b64720"></button>
<button name="ESPN America"  img="img\524.png" pid="TORRENT f7842f64d3968614c6314961d97d1c6696a0fe47"></button>
<button name="Телеканал Футбол"  img="img\659.png" pid="TORRENT 3ae290095f6d3d19dbb1970a09cb456b658ece1b"></button>
<button name="Спорт 1 HD"  img="img\275.png" pid="TORRENT b54e7d80b64247faeb249f11b2c7d3b9db8ebfc1"></button>
<button name="Футбол 2 HD"  img="img\277.png" pid="TORRENT 1e7ced7ea8fa29c827cc2053462a3b1ba660f6ff"></button></cat>
 <cat name="Детские"> 
<button name="Плюс Плюс Украина"  img="img\3.png" pid="TORRENT 8028de4bbe4dcf1c6d6bec88ba679dffb47ec0c6"></button>
<button name="JimJam"  img="img\22.png" pid="TORRENT d0eefb51c02c15f410f602c659a0a0dcaeb3696e"></button>
<button name="nickelodeon"  img="img\58.png" pid="TORRENT 0b7a48a487e09fb7e805c042dce17a507bb312ee"></button>
<button name="Пиксель Украина"  img="img\87.png" pid="TORRENT 68da2643f8e192a81e70d5ac48cf18de711f0160"></button>
<button name="Disney Channel"  img="img\163.png" pid="TORRENT 7f034f0eba4c26918802c70d0aedb3c770bf44ad"></button>
<button name="Карусель"  img="img\168.png" pid="TORRENT 64f426dcd3e066ca88112c16b72d594eaeba43cc"></button>
<button name="Детский"  img="img\169.png" pid="TORRENT 0f2ef869aad3263007f4f5a279ddbd831e228b94"></button>
<button name="Cartoon Network"  img="img\180.png" pid="TORRENT 7432b9a6512b86051d384b00850e98be32d65035"></button>
<button name="nickelodeon HD"  img="img\184.png" pid="TORRENT f083689820ba695bc0bb81577beb3602a412bfb9"></button>
<button name="Улыбка Ребенка"  img="img\208.png" pid="TORRENT 4d5b3ad7e17194e7425ac85b6d676d3f2130d91b"></button>
<button name="Малятко TV Украина"  img="img\211.png" pid="TORRENT ae2230e3be3f113a52cc624a3e416d69e4f582f8"></button>
<button name="Мультимания"  img="img\213.png" pid="TORRENT 137bb9458508577580f00d6b18680e48fe39c4a1"></button>
<button name="nick jr."  img="img\214.png" pid="TORRENT b011084717a7cc825b7ee68ff377406ed693e525"></button></cat>
 <cat name="Новости"> 
<button name="24 Украина"  img="img\19.png" pid="TORRENT de9712c6186b5c7c14d63ee5159b17a44a04b0ad"></button>
<button name="ТВі Украина"  img="img\59.png" pid="TORRENT b0c82884733d6f41c22d8e8363fc9f7dce04ecf3"></button>
<button name="РБК"  img="img\91.png" pid="TORRENT 3e3403e1b2a0d7c40a588d5d1f1f3475f0feec5d"></button>
<button name="Euronews"  img="img\110.png" pid="TORRENT 8939455b775630f44702f771e0ccf032ef00997e"></button>
<button name="Россия 24"  img="img\171.png" pid="TORRENT 4055c53d167df49ebaa5daa8611c14bf2727769c"></button></cat>
 <cat name="Музыка"> 
<button name="Шансон ТВ"  img="img\40.png" pid="TORRENT eea3ef474fa6825bf826ef7d4e7e3b80533590a4"></button>
<button name="MTV Dance"  img="img\174.png" pid="TORRENT a1dbc7b74753a49a0d974cc3a31b0b1a476305b1"></button>
<button name="Mezzo"  img="img\175.png" pid="TORRENT b58866065f2ddedf5a37e9ba7559dffc9ab7f3ee"></button>
<button name="RU MUSIC"  img="img\106.png" pid="TORRENT 699c5ca9997c035254923af5c5f364fc2d218d8f"></button>
<button name="MTV Rocks"  img="img\366.png" pid="TORRENT 50b40dd15c3678b08f2c2567387961c558de1d18"></button>
<button name="MTV Russia"  img="img\367.png" pid="TORRENT 87e91f41999c07bc857c31a4f87969b7622d8c75"></button>
<button name="MTV Ukraine"  img="img\368.png" pid="TORRENT 0b5a5ea6970196e412f2a2b933f39af1ba79f7f9"></button>
<button name="М1"  img="img\557.png" pid="TORRENT 231163aad9a4bef7869e3969d9ecc25ce03e96ad"></button>
<button name="М2"  img="img\558.png" pid="TORRENT 857ffa2a080a23e42213aaa403508cc7ef318050"></button>
<button name="VH 1 Classic"  img="img\394.png" pid="TORRENT d1108709e74efd5f8f6406c0a821a95de9c300ab"></button>
<button name="OCKO"  img="img\343.png" pid="TORRENT 2f114ae521e9c0ebe01d4dbe3a5aa556ba8a3e4f"></button>
<button name="A-ONE UA Украина"  img="img\637.png" pid="TORRENT 727513d4d922791ba0ffa8d22e63664e7059cb56"></button>
<button name="Музыка Первого"  img="img\555.png" pid="TORRENT 6d9ebc15568ad1c5c5139f9c04a5efe6d421302d"></button>
<button name="Ля-минор"  img="img\581.png" pid="TORRENT eb87d9e8f46c1fdc69afad17960ca41316bc8924"></button>
<button name="Music Box UA"  img="img\651.png" pid="TORRENT d776ef9c2f67fd15300d8c07034639dc099cc241"></button>
<button name="Europa Plus TV"  img="img\554.png" pid="TORRENT 6162b89d9bb68c9da59936db3f3d882c1e7c9515"></button>
<button name="STAR TV Украина"  img="img\705.png" pid="TORRENT 758e65cc1566098d03dc07d5e96e6a9daba303e7"></button>
<button name="Муз ТВ"  img="img\556.png" pid="TORRENT a2acdf96b140814dab65011859ffecd646126a31"></button>
<button name="A-One"  img="img\316.png" pid="TORRENT 1b1442cd956a394729b8927ff42d4d4ca523c309"></button></cat>
 <cat name="HD"> 
<button name="Eurosport HD"  img="img\165.png" pid="TORRENT 7a8ee594b08377f6b19a4fa9f337b1b669aeb27f"></button>
<button name="myZen.tv HD"  img="img\179.png" pid="TORRENT a8638e6a2fcde88aa2de674c2d15786361145c2a"></button>
<button name="HD Sport"  img="img\183.png" pid="TORRENT 93b50b10a83f4ddb429058fdd6f9170e243744f9"></button>
<button name="nickelodeon HD"  img="img\184.png" pid="TORRENT f083689820ba695bc0bb81577beb3602a412bfb9"></button>
<button name="Outdoor HD"  img="img\202.png" pid="TORRENT bd2bccc532d49b744b61cc25942d33dc9c29eb7a"></button>
<button name="Eurosport 2 HD"  img="img\215.png" pid="TORRENT 43c5f6b2239cff7b40b3967aa8fa30444ffb89b6"></button>
<button name="Travel Channel HD"  img="img\216.png" pid="TORRENT 8a0fdb9a24d72dab48b327bef5a89fe309a4e387"></button>
<button name="HD Life"  img="img\244.png" pid="TORRENT 39b972f37bf2af099fa23943ab62c08d1625122a"></button>
<button name="Первый канал HD"  img="img\272.png" pid="TORRENT 931ca7b8dc15539cc553b41decfefdaca41bae1e"></button>
<button name="Россия HD"  img="img\273.png" pid="TORRENT 8fec50cbb82f790715abfa263e8fadaf5d9985c8"></button>
<button name="National Geographic HD"  img="img\561.png" pid="TORRENT 45dfbb487db4619979f8fd3dcc9f5b08ca87115e"></button>
<button name="Спорт 1 HD"  img="img\275.png" pid="TORRENT b54e7d80b64247faeb249f11b2c7d3b9db8ebfc1"></button>
<button name="Футбол 2 HD"  img="img\277.png" pid="TORRENT 1e7ced7ea8fa29c827cc2053462a3b1ba660f6ff"></button>
<button name="Nat Geo Wild HD"  img="img\227.png" pid="TORRENT 790d8cd13a64798a9df526e4785f216bb64c6894"></button></cat>
